The final result is:

TOK_SUB_OP:
  left:
    TOK_ADD_OP:
      left:
        TOK_ADD_OP:
          left:
            TOK_INTEGER_LITERAL:
              immediate I64: 1
          right:
            TOK_INTEGER_LITERAL:
              immediate I64: 2
      right:
        TOK_INTEGER_LITERAL:
          immediate I64: 3
  right:
    TOK_INTEGER_LITERAL:
      immediate I64: 4


The state of the visitor at the end was:

string pool:
